// Jest Snapshot v1, https://goo.gl/fbAQLP

exports[`<UIControls /> should match the snapshot 1`] = `
Array [
  <div
    className="control-section "
  >
    <h3
      onClick={[Function]}
    >
      Ingredients
    </h3>
    <div
      className="control-section-content"
    >
      <fieldset
        className="text-input-group"
      >
        <div
          className="text-input-holder"
        >
          <input
            id="ingredients_1"
            name="ingredients"
            onChange={[Function]}
            placeholder="Enter Ingredient Here"
            type="textInputGroup"
            value=""
          />
          <span
            className="delete"
            onClick={[Function]}
          >
            X
          </span>
        </div>
        <button
          disabled={false}
          id="addIngredientButton"
          name="addIngredientButton"
          onClick={[Function]}
        >
          Add Ingredient
        </button>
      </fieldset>
    </div>
  </div>,
  <div
    className="control-section closed"
  >
    <h3
      onClick={[Function]}
    >
      Excluded Ingredients
    </h3>
    <div
      className="control-section-content"
    >
      <fieldset
        className="text-input-group"
      >
        <div
          className="text-input-holder"
        >
          <input
            id="excludedIngredients_1"
            name="excludedIngredients"
            onChange={[Function]}
            placeholder="Enter Ingredient Here"
            type="textInputGroup"
            value=""
          />
          <span
            className="delete"
            onClick={[Function]}
          >
            X
          </span>
        </div>
        <button
          disabled={false}
          id="addExcludedIngredientButton"
          name="addExcludedIngredientButton"
          onClick={[Function]}
        >
          Add Excluded Ingredient
        </button>
      </fieldset>
    </div>
  </div>,
  <div
    className="control-section closed"
  >
    <h3
      onClick={[Function]}
    >
      Health Options
    </h3>
    <div
      className="control-section-content"
    >
      <fieldset
        className="checkbox-group"
      >
        <label
          className="checkbox-container"
        >
          Alcohol-Free
          <input
            checked={false}
            name="healthLabels"
            onChange={[Function]}
            type="checkbox"
          />
          <span
            className="checkmark"
          />
        </label>
        <label
          className="checkbox-container"
        >
          Peanut-Free
          <input
            checked={false}
            name="healthLabels"
            onChange={[Function]}
            type="checkbox"
          />
          <span
            className="checkmark"
          />
        </label>
        <label
          className="checkbox-container"
        >
          Sugar-Conscious
          <input
            checked={false}
            name="healthLabels"
            onChange={[Function]}
            type="checkbox"
          />
          <span
            className="checkmark"
          />
        </label>
        <label
          className="checkbox-container"
        >
          Tree-Nut-Free
          <input
            checked={false}
            name="healthLabels"
            onChange={[Function]}
            type="checkbox"
          />
          <span
            className="checkmark"
          />
        </label>
        <label
          className="checkbox-container"
        >
          Vegan
          <input
            checked={false}
            name="healthLabels"
            onChange={[Function]}
            type="checkbox"
          />
          <span
            className="checkmark"
          />
        </label>
        <label
          className="checkbox-container"
        >
          Vegetarian
          <input
            checked={false}
            name="healthLabels"
            onChange={[Function]}
            type="checkbox"
          />
          <span
            className="checkmark"
          />
        </label>
      </fieldset>
    </div>
  </div>,
  <div
    className="control-section closed"
  >
    <h3
      onClick={[Function]}
    >
      Diet Options
    </h3>
    <div
      className="control-section-content"
    >
      <fieldset
        className="checkbox-group"
      >
        <label
          className="checkbox-container"
        >
          Balanced
          <input
            checked={false}
            name="dietLabels"
            onChange={[Function]}
            type="checkbox"
          />
          <span
            className="checkmark"
          />
        </label>
        <label
          className="checkbox-container"
        >
          High Protein
          <input
            checked={false}
            name="dietLabels"
            onChange={[Function]}
            type="checkbox"
          />
          <span
            className="checkmark"
          />
        </label>
        <label
          className="checkbox-container"
        >
          Low Carb
          <input
            checked={false}
            name="dietLabels"
            onChange={[Function]}
            type="checkbox"
          />
          <span
            className="checkmark"
          />
        </label>
        <label
          className="checkbox-container"
        >
          Low Fat
          <input
            checked={false}
            name="dietLabels"
            onChange={[Function]}
            type="checkbox"
          />
          <span
            className="checkmark"
          />
        </label>
      </fieldset>
    </div>
  </div>,
]
`;
