// Jest Snapshot v1, https://goo.gl/fbAQLP

exports[`<UIControlsSection /> should match the snapshot 1`] = `
<section
  className="ui-controls hide"
>
  <button
    disabled={true}
    id="searchButton"
    name="searchButton"
  >
    SEARCH
  </button>
  <div
    className="control-section "
  >
    <h3
      onClick={[Function]}
    />
    <div
      className="control-section-content"
    >
      <button
        id="button_0"
        name="button_0_name"
      >
        button_0_text
      </button>
    </div>
  </div>
  <div
    className="control-section "
  >
    <h3
      onClick={[Function]}
    />
    <div
      className="control-section-content"
    >
      <button
        id="button_1"
        name="button_1_name"
      >
        button_1_text
      </button>
    </div>
  </div>
  <div
    className="control-section "
  >
    <h3
      onClick={[Function]}
    >
      checkboxGroup_0_title
    </h3>
    <div
      className="control-section-content"
    >
      <fieldset
        className="checkbox-group"
      >
        <label
          className="checkbox-container"
        >
          Peanut Free
          <input
            checked={false}
            name="checkboxGroup_0"
            onChange={[Function]}
            type="checkbox"
          />
          <span
            className="checkmark"
          />
        </label>
        <label
          className="checkbox-container"
        >
          Vegetarian
          <input
            checked={false}
            name="checkboxGroup_0"
            onChange={[Function]}
            type="checkbox"
          />
          <span
            className="checkmark"
          />
        </label>
      </fieldset>
    </div>
  </div>
  <div
    className="control-section "
  >
    <h3
      onClick={[Function]}
    >
      checkboxGrou_1_title
    </h3>
    <div
      className="control-section-content"
    >
      <fieldset
        className="checkbox-group"
      >
        <label
          className="checkbox-container"
        >
          Vegan
          <input
            checked={false}
            name="checkboxGroup_1"
            onChange={[Function]}
            type="checkbox"
          />
          <span
            className="checkmark"
          />
        </label>
        <label
          className="checkbox-container"
        >
          Alcohol Free
          <input
            checked={false}
            name="checkboxGroup_1"
            onChange={[Function]}
            type="checkbox"
          />
          <span
            className="checkmark"
          />
        </label>
      </fieldset>
    </div>
  </div>
  <div
    className="control-section "
  >
    <h3
      onClick={[Function]}
    />
    <div
      className="control-section-content"
    >
      <div
        className="text-input-holder"
      >
        <input
          id="textInput_0"
          name="textInput_0_name"
          onChange={[Function]}
          placeholder="textInput_0_placeholder"
          type="text"
          value="textInput_0_value"
        />
      </div>
    </div>
  </div>
  <div
    className="control-section "
  >
    <h3
      onClick={[Function]}
    >
      textInputGroup_0_title
    </h3>
    <div
      className="control-section-content"
    >
      <fieldset
        className="text-input-group"
      >
        <div
          className="text-input-holder"
        >
          <input
            id="textInputGroup_0_groupItem_0_id"
            name="textInputGroup_0_name"
            onChange={[Function]}
            placeholder="textInputGroup_0_groupItem_0_placeholder"
            type="textInputGroup"
            value=""
          />
          <span
            className="delete"
            onClick={[Function]}
          >
            X
          </span>
        </div>
      </fieldset>
    </div>
  </div>
  <div
    className="control-section "
  >
    <h3
      onClick={[Function]}
    >
      textInputGroup_1_title
    </h3>
    <div
      className="control-section-content"
    >
      <fieldset
        className="text-input-group"
      >
        <div
          className="text-input-holder"
        >
          <input
            id="textInputGroup_1_groupItem_0_id"
            name="textInputGroup_1_name"
            onChange={[Function]}
            placeholder="textInputGroup_1_groupItem_0_placeholder"
            type="textInputGroup"
            value=""
          />
          <span
            className="delete"
            onClick={[Function]}
          >
            X
          </span>
        </div>
      </fieldset>
    </div>
  </div>
  <div
    className="message"
  >
    <p>
      Please add at least one ingredient
    </p>
  </div>
</section>
`;
